\BOOKMARK [1][-]{section*.1}{\376\377\000I\000n\000t\000r\000o\000d\000u\000c\000t\000i\000o\000n}{}% 1
\BOOKMARK [1][-]{section*.2}{\376\377\000R\000e\000s\000u\000l\000t\000s}{}% 2
\BOOKMARK [2][-]{section*.3}{\376\377\000R\000e\000s\000u\000l\000t\000s\000\040\000s\000e\000c\000t\000i\000o\000n\000\040\0001}{section*.2}% 3
\BOOKMARK [2][-]{section*.4}{\376\377\000R\000e\000s\000u\000l\000t\000s\000\040\000s\000e\000c\000t\000i\000o\000n\000\040\0002}{section*.2}% 4
\BOOKMARK [1][-]{section*.5}{\376\377\000D\000i\000s\000c\000u\000s\000s\000i\000o\000n}{}% 5
\BOOKMARK [1][-]{section*.6}{\376\377\000M\000e\000t\000h\000o\000d\000s}{}% 6
\BOOKMARK [2][-]{section*.7}{\376\377\000F\000l\000y\000\040\000s\000t\000o\000c\000k\000s}{section*.6}% 7
\BOOKMARK [2][-]{section*.8}{\376\377\000A\000n\000a\000l\000y\000s\000i\000s}{section*.6}% 8
\BOOKMARK [1][-]{section*.9}{\376\377\000S\000u\000p\000p\000l\000e\000m\000e\000n\000t\000a\000r\000y\000\040\000I\000n\000f\000o\000r\000m\000a\000t\000i\000o\000n}{}% 9
\BOOKMARK [1][-]{section*.10}{\376\377\000A\000c\000k\000n\000o\000w\000l\000e\000d\000g\000e\000m\000e\000n\000t\000s}{}% 10
\BOOKMARK [1][-]{section*.11}{\376\377\000A\000u\000t\000h\000o\000r\000\040\000i\000n\000f\000o\000r\000m\000a\000t\000i\000o\000n}{}% 11
\BOOKMARK [1][-]{section*.12}{\376\377\000F\000i\000g\000u\000r\000e\000s}{}% 12
\BOOKMARK [1][-]{section*.15}{\376\377\000S\000u\000p\000p\000l\000e\000m\000e\000n\000t\000a\000r\000y\000\040\000I\000n\000f\000o\000r\000m\000a\000t\000i\000o\000n}{}% 13
\BOOKMARK [2][-]{section*.16}{\376\377\000S\000u\000p\000p\000l\000e\000m\000e\000n\000t\000a\000r\000y\000\040\000F\000i\000g\000u\000r\000e\000s}{section*.15}% 14
\BOOKMARK [2][-]{section*.18}{\376\377\000S\000u\000p\000p\000l\000e\000m\000e\000n\000t\000a\000r\000y\000\040\000T\000a\000b\000l\000e\000s}{section*.15}% 15
\BOOKMARK [2][-]{section*.20}{\376\377\000S\000u\000p\000p\000l\000e\000m\000e\000n\000t\000a\000r\000y\000\040\000D\000i\000s\000c\000u\000s\000s\000i\000o\000n}{section*.15}% 16
